// Jest Snapshot v1, https://goo.gl/fbAQLP

exports[`CollaboratorSliderFilter renders the component correctly 1`] = `
<div
  class="MuiBox-root css-8atqhb"
>
  <p
    class="MuiTypography-root MuiTypography-body1 css-ahj2mt-MuiTypography-root"
  >
    Filtrar por salario: 
  </p>
  <span
    class="MuiSlider-root MuiSlider-colorPrimary MuiSlider-sizeMedium css-187mznn-MuiSlider-root"
    id="salaryFilter"
  >
    <span
      class="MuiSlider-rail css-14pt78w-MuiSlider-rail"
    />
    <span
      class="MuiSlider-track css-1gv0vcd-MuiSlider-track"
      style="left: 0%; width: 1.8036072144288577%;"
    />
    <span
      class="MuiSlider-mark MuiSlider-markActive css-6cwnna-MuiSlider-mark"
      data-index="0"
      style="left: 0%;"
    />
    <span
      class="MuiSlider-mark MuiSlider-markActive css-6cwnna-MuiSlider-mark"
      data-index="1"
      style="left: 0.20040080160320642%;"
    />
    <span
      class="MuiSlider-mark MuiSlider-markActive css-6cwnna-MuiSlider-mark"
      data-index="2"
      style="left: 0.40080160320641284%;"
    />
    <span
      class="MuiSlider-mark MuiSlider-markActive css-6cwnna-MuiSlider-mark"
      data-index="3"
      style="left: 0.6012024048096193%;"
    />
    <span
      class="MuiSlider-mark MuiSlider-markActive css-6cwnna-MuiSlider-mark"
      data-index="4"
      style="left: 0.8016032064128257%;"
    />
    <span
      class="MuiSlider-mark MuiSlider-markActive css-6cwnna-MuiSlider-mark"
      data-index="5"
      style="left: 1.002004008016032%;"
    />
    <span
      class="MuiSlider-mark MuiSlider-markActive css-6cwnna-MuiSlider-mark"
      data-index="6"
      style="left: 1.2024048096192386%;"
    />
    <span
      class="MuiSlider-mark MuiSlider-markActive css-6cwnna-MuiSlider-mark"
      data-index="7"
      style="left: 1.402805611222445%;"
    />
    <span
      class="MuiSlider-mark MuiSlider-markActive css-6cwnna-MuiSlider-mark"
      data-index="8"
      style="left: 1.6032064128256514%;"
    />
    <span
      class="MuiSlider-mark MuiSlider-markActive css-6cwnna-MuiSlider-mark"
      data-index="9"
      style="left: 1.8036072144288577%;"
    />
    <span
      class="MuiSlider-mark css-1tfve6q-MuiSlider-mark"
      data-index="10"
      style="left: 2.004008016032064%;"
    />
    <span
      class="MuiSlider-mark css-1tfve6q-MuiSlider-mark"
      data-index="11"
      style="left: 2.2044088176352705%;"
    />
    <span
      class="MuiSlider-mark css-1tfve6q-MuiSlider-mark"
      data-index="12"
      style="left: 2.404809619238477%;"
    />
    <span
      class="MuiSlider-mark css-1tfve6q-MuiSlider-mark"
      data-index="13"
      style="left: 2.6052104208416833%;"
    />
    <span
      class="MuiSlider-mark css-1tfve6q-MuiSlider-mark"
      data-index="14"
      style="left: 2.80561122244489%;"
    />
    <span
      class="MuiSlider-mark css-1tfve6q-MuiSlider-mark"
      data-index="15"
      style="left: 3.006012024048096%;"
    />
    <span
      class="MuiSlider-mark css-1tfve6q-MuiSlider-mark"
      data-index="16"
      style="left: 3.2064128256513027%;"
    />
    <span
      class="MuiSlider-mark css-1tfve6q-MuiSlider-mark"
      data-index="17"
      style="left: 3.406813627254509%;"
    />
    <span
      class="MuiSlider-mark css-1tfve6q-MuiSlider-mark"
      data-index="18"
      style="left: 3.6072144288577155%;"
    />
    <span
      class="MuiSlider-mark css-1tfve6q-MuiSlider-mark"
      data-index="19"
      style="left: 3.8076152304609217%;"
    />
    <span
      class="MuiSlider-mark css-1tfve6q-MuiSlider-mark"
      data-index="20"
      style="left: 4.008016032064128%;"
    />
    <span
      class="MuiSlider-mark css-1tfve6q-MuiSlider-mark"
      data-index="21"
      style="left: 4.208416833667335%;"
    />
    <span
      class="MuiSlider-mark css-1tfve6q-MuiSlider-mark"
      data-index="22"
      style="left: 4.408817635270541%;"
    />
    <span
      class="MuiSlider-mark css-1tfve6q-MuiSlider-mark"
      data-index="23"
      style="left: 4.609218436873747%;"
    />
    <span
      class="MuiSlider-mark css-1tfve6q-MuiSlider-mark"
      data-index="24"
      style="left: 4.809619238476954%;"
    />
    <span
      class="MuiSlider-mark css-1tfve6q-MuiSlider-mark"
      data-index="25"
      style="left: 5.01002004008016%;"
    />
    <span
      class="MuiSlider-mark css-1tfve6q-MuiSlider-mark"
      data-index="26"
      style="left: 5.210420841683367%;"
    />
    <span
      class="MuiSlider-mark css-1tfve6q-MuiSlider-mark"
      data-index="27"
      style="left: 5.410821643286573%;"
    />
    <span
      class="MuiSlider-mark css-1tfve6q-MuiSlider-mark"
      data-index="28"
      style="left: 5.61122244488978%;"
    />
    <span
      class="MuiSlider-mark css-1tfve6q-MuiSlider-mark"
      data-index="29"
      style="left: 5.811623246492986%;"
    />
    <span
      class="MuiSlider-mark css-1tfve6q-MuiSlider-mark"
      data-index="30"
      style="left: 6.012024048096192%;"
    />
    <span
      class="MuiSlider-mark css-1tfve6q-MuiSlider-mark"
      data-index="31"
      style="left: 6.212424849699399%;"
    />
    <span
      class="MuiSlider-mark css-1tfve6q-MuiSlider-mark"
      data-index="32"
      style="left: 6.412825651302605%;"
    />
    <span
      class="MuiSlider-mark css-1tfve6q-MuiSlider-mark"
      data-index="33"
      style="left: 6.613226452905812%;"
    />
    <span
      class="MuiSlider-mark css-1tfve6q-MuiSlider-mark"
      data-index="34"
      style="left: 6.813627254509018%;"
    />
    <span
      class="MuiSlider-mark css-1tfve6q-MuiSlider-mark"
      data-index="35"
      style="left: 7.014028056112225%;"
    />
    <span
      class="MuiSlider-mark css-1tfve6q-MuiSlider-mark"
      data-index="36"
      style="left: 7.214428857715431%;"
    />
    <span
      class="MuiSlider-mark css-1tfve6q-MuiSlider-mark"
      data-index="37"
      style="left: 7.414829659318637%;"
    />
    <span
      class="MuiSlider-mark css-1tfve6q-MuiSlider-mark"
      data-index="38"
      style="left: 7.615230460921843%;"
    />
    <span
      class="MuiSlider-mark css-1tfve6q-MuiSlider-mark"
      data-index="39"
      style="left: 7.81563126252505%;"
    />
    <span
      class="MuiSlider-mark css-1tfve6q-MuiSlider-mark"
      data-index="40"
      style="left: 8.016032064128256%;"
    />
    <span
      class="MuiSlider-mark css-1tfve6q-MuiSlider-mark"
      data-index="41"
      style="left: 8.216432865731463%;"
    />
    <span
      class="MuiSlider-mark css-1tfve6q-MuiSlider-mark"
      data-index="42"
      style="left: 8.41683366733467%;"
    />
    <span
      class="MuiSlider-mark css-1tfve6q-MuiSlider-mark"
      data-index="43"
      style="left: 8.617234468937875%;"
    />
    <span
      class="MuiSlider-mark css-1tfve6q-MuiSlider-mark"
      data-index="44"
      style="left: 8.817635270541082%;"
    />
    <span
      class="MuiSlider-mark css-1tfve6q-MuiSlider-mark"
      data-index="45"
      style="left: 9.01803607214429%;"
    />
    <span
      class="MuiSlider-mark css-1tfve6q-MuiSlider-mark"
      data-index="46"
      style="left: 9.218436873747494%;"
    />
    <span
      class="MuiSlider-mark css-1tfve6q-MuiSlider-mark"
      data-index="47"
      style="left: 9.418837675350701%;"
    />
    <span
      class="MuiSlider-mark css-1tfve6q-MuiSlider-mark"
      data-index="48"
      style="left: 9.619238476953909%;"
    />
    <span
      class="MuiSlider-mark css-1tfve6q-MuiSlider-mark"
      data-index="49"
      style="left: 9.819639278557114%;"
    />
    <span
      class="MuiSlider-mark css-1tfve6q-MuiSlider-mark"
      data-index="50"
      style="left: 10.02004008016032%;"
    />
    <span
      class="MuiSlider-mark css-1tfve6q-MuiSlider-mark"
      data-index="51"
      style="left: 10.220440881763528%;"
    />
    <span
      class="MuiSlider-mark css-1tfve6q-MuiSlider-mark"
      data-index="52"
      style="left: 10.420841683366733%;"
    />
    <span
      class="MuiSlider-mark css-1tfve6q-MuiSlider-mark"
      data-index="53"
      style="left: 10.62124248496994%;"
    />
    <span
      class="MuiSlider-mark css-1tfve6q-MuiSlider-mark"
      data-index="54"
      style="left: 10.821643286573146%;"
    />
    <span
      class="MuiSlider-mark css-1tfve6q-MuiSlider-mark"
      data-index="55"
      style="left: 11.022044088176353%;"
    />
    <span
      class="MuiSlider-mark css-1tfve6q-MuiSlider-mark"
      data-index="56"
      style="left: 11.22244488977956%;"
    />
    <span
      class="MuiSlider-mark css-1tfve6q-MuiSlider-mark"
      data-index="57"
      style="left: 11.422845691382765%;"
    />
    <span
      class="MuiSlider-mark css-1tfve6q-MuiSlider-mark"
      data-index="58"
      style="left: 11.623246492985972%;"
    />
    <span
      class="MuiSlider-mark css-1tfve6q-MuiSlider-mark"
      data-index="59"
      style="left: 11.823647294589179%;"
    />
    <span
      class="MuiSlider-mark css-1tfve6q-MuiSlider-mark"
      data-index="60"
      style="left: 12.024048096192384%;"
    />
    <span
      class="MuiSlider-mark css-1tfve6q-MuiSlider-mark"
      data-index="61"
      style="left: 12.224448897795591%;"
    />
    <span
      class="MuiSlider-mark css-1tfve6q-MuiSlider-mark"
      data-index="62"
      style="left: 12.424849699398798%;"
    />
    <span
      class="MuiSlider-mark css-1tfve6q-MuiSlider-mark"
      data-index="63"
      style="left: 12.625250501002004%;"
    />
    <span
      class="MuiSlider-mark css-1tfve6q-MuiSlider-mark"
      data-index="64"
      style="left: 12.82565130260521%;"
    />
    <span
      class="MuiSlider-mark css-1tfve6q-MuiSlider-mark"
      data-index="65"
      style="left: 13.026052104208416%;"
    />
    <span
      class="MuiSlider-mark css-1tfve6q-MuiSlider-mark"
      data-index="66"
      style="left: 13.226452905811623%;"
    />
    <span
      class="MuiSlider-mark css-1tfve6q-MuiSlider-mark"
      data-index="67"
      style="left: 13.42685370741483%;"
    />
    <span
      class="MuiSlider-mark css-1tfve6q-MuiSlider-mark"
      data-index="68"
      style="left: 13.627254509018035%;"
    />
    <span
      class="MuiSlider-mark css-1tfve6q-MuiSlider-mark"
      data-index="69"
      style="left: 13.827655310621243%;"
    />
    <span
      class="MuiSlider-mark css-1tfve6q-MuiSlider-mark"
      data-index="70"
      style="left: 14.02805611222445%;"
    />
    <span
      class="MuiSlider-mark css-1tfve6q-MuiSlider-mark"
      data-index="71"
      style="left: 14.228456913827655%;"
    />
    <span
      class="MuiSlider-mark css-1tfve6q-MuiSlider-mark"
      data-index="72"
      style="left: 14.428857715430862%;"
    />
    <span
      class="MuiSlider-mark css-1tfve6q-MuiSlider-mark"
      data-index="73"
      style="left: 14.629258517034069%;"
    />
    <span
      class="MuiSlider-mark css-1tfve6q-MuiSlider-mark"
      data-index="74"
      style="left: 14.829659318637274%;"
    />
    <span
      class="MuiSlider-mark css-1tfve6q-MuiSlider-mark"
      data-index="75"
      style="left: 15.030060120240481%;"
    />
    <span
      class="MuiSlider-mark css-1tfve6q-MuiSlider-mark"
      data-index="76"
      style="left: 15.230460921843687%;"
    />
    <span
      class="MuiSlider-mark css-1tfve6q-MuiSlider-mark"
      data-index="77"
      style="left: 15.430861723446894%;"
    />
    <span
      class="MuiSlider-mark css-1tfve6q-MuiSlider-mark"
      data-index="78"
      style="left: 15.6312625250501%;"
    />
    <span
      class="MuiSlider-mark css-1tfve6q-MuiSlider-mark"
      data-index="79"
      style="left: 15.831663326653306%;"
    />
    <span
      class="MuiSlider-mark css-1tfve6q-MuiSlider-mark"
      data-index="80"
      style="left: 16.03206412825651%;"
    />
    <span
      class="MuiSlider-mark css-1tfve6q-MuiSlider-mark"
      data-index="81"
      style="left: 16.23246492985972%;"
    />
    <span
      class="MuiSlider-mark css-1tfve6q-MuiSlider-mark"
      data-index="82"
      style="left: 16.432865731462925%;"
    />
    <span
      class="MuiSlider-mark css-1tfve6q-MuiSlider-mark"
      data-index="83"
      style="left: 16.63326653306613%;"
    />
    <span
      class="MuiSlider-mark css-1tfve6q-MuiSlider-mark"
      data-index="84"
      style="left: 16.83366733466934%;"
    />
    <span
      class="MuiSlider-mark css-1tfve6q-MuiSlider-mark"
      data-index="85"
      style="left: 17.034068136272545%;"
    />
    <span
      class="MuiSlider-mark css-1tfve6q-MuiSlider-mark"
      data-index="86"
      style="left: 17.23446893787575%;"
    />
    <span
      class="MuiSlider-mark css-1tfve6q-MuiSlider-mark"
      data-index="87"
      style="left: 17.43486973947896%;"
    />
    <span
      class="MuiSlider-mark css-1tfve6q-MuiSlider-mark"
      data-index="88"
      style="left: 17.635270541082164%;"
    />
    <span
      class="MuiSlider-mark css-1tfve6q-MuiSlider-mark"
      data-index="89"
      style="left: 17.83567134268537%;"
    />
    <span
      class="MuiSlider-mark css-1tfve6q-MuiSlider-mark"
      data-index="90"
      style="left: 18.03607214428858%;"
    />
    <span
      class="MuiSlider-mark css-1tfve6q-MuiSlider-mark"
      data-index="91"
      style="left: 18.236472945891784%;"
    />
    <span
      class="MuiSlider-mark css-1tfve6q-MuiSlider-mark"
      data-index="92"
      style="left: 18.43687374749499%;"
    />
    <span
      class="MuiSlider-mark css-1tfve6q-MuiSlider-mark"
      data-index="93"
      style="left: 18.637274549098198%;"
    />
    <span
      class="MuiSlider-mark css-1tfve6q-MuiSlider-mark"
      data-index="94"
      style="left: 18.837675350701403%;"
    />
    <span
      class="MuiSlider-mark css-1tfve6q-MuiSlider-mark"
      data-index="95"
      style="left: 19.03807615230461%;"
    />
    <span
      class="MuiSlider-mark css-1tfve6q-MuiSlider-mark"
      data-index="96"
      style="left: 19.238476953907817%;"
    />
    <span
      class="MuiSlider-mark css-1tfve6q-MuiSlider-mark"
      data-index="97"
      style="left: 19.438877755511022%;"
    />
    <span
      class="MuiSlider-mark css-1tfve6q-MuiSlider-mark"
      data-index="98"
      style="left: 19.639278557114228%;"
    />
    <span
      class="MuiSlider-mark css-1tfve6q-MuiSlider-mark"
      data-index="99"
      style="left: 19.839679358717436%;"
    />
    <span
      class="MuiSlider-mark css-1tfve6q-MuiSlider-mark"
      data-index="100"
      style="left: 20.04008016032064%;"
    />
    <span
      class="MuiSlider-mark css-1tfve6q-MuiSlider-mark"
      data-index="101"
      style="left: 20.240480961923847%;"
    />
    <span
      class="MuiSlider-mark css-1tfve6q-MuiSlider-mark"
      data-index="102"
      style="left: 20.440881763527056%;"
    />
    <span
      class="MuiSlider-mark css-1tfve6q-MuiSlider-mark"
      data-index="103"
      style="left: 20.64128256513026%;"
    />
    <span
      class="MuiSlider-mark css-1tfve6q-MuiSlider-mark"
      data-index="104"
      style="left: 20.841683366733466%;"
    />
    <span
      class="MuiSlider-mark css-1tfve6q-MuiSlider-mark"
      data-index="105"
      style="left: 21.04208416833667%;"
    />
    <span
      class="MuiSlider-mark css-1tfve6q-MuiSlider-mark"
      data-index="106"
      style="left: 21.24248496993988%;"
    />
    <span
      class="MuiSlider-mark css-1tfve6q-MuiSlider-mark"
      data-index="107"
      style="left: 21.442885771543086%;"
    />
    <span
      class="MuiSlider-mark css-1tfve6q-MuiSlider-mark"
      data-index="108"
      style="left: 21.64328657314629%;"
    />
    <span
      class="MuiSlider-mark css-1tfve6q-MuiSlider-mark"
      data-index="109"
      style="left: 21.8436873747495%;"
    />
    <span
      class="MuiSlider-mark css-1tfve6q-MuiSlider-mark"
      data-index="110"
      style="left: 22.044088176352705%;"
    />
    <span
      class="MuiSlider-mark css-1tfve6q-MuiSlider-mark"
      data-index="111"
      style="left: 22.24448897795591%;"
    />
    <span
      class="MuiSlider-mark css-1tfve6q-MuiSlider-mark"
      data-index="112"
      style="left: 22.44488977955912%;"
    />
    <span
      class="MuiSlider-mark css-1tfve6q-MuiSlider-mark"
      data-index="113"
      style="left: 22.645290581162325%;"
    />
    <span
      class="MuiSlider-mark css-1tfve6q-MuiSlider-mark"
      data-index="114"
      style="left: 22.84569138276553%;"
    />
    <span
      class="MuiSlider-mark css-1tfve6q-MuiSlider-mark"
      data-index="115"
      style="left: 23.04609218436874%;"
    />
    <span
      class="MuiSlider-mark css-1tfve6q-MuiSlider-mark"
      data-index="116"
      style="left: 23.246492985971944%;"
    />
    <span
      class="MuiSlider-mark css-1tfve6q-MuiSlider-mark"
      data-index="117"
      style="left: 23.44689378757515%;"
    />
    <span
      class="MuiSlider-mark css-1tfve6q-MuiSlider-mark"
      data-index="118"
      style="left: 23.647294589178358%;"
    />
    <span
      class="MuiSlider-mark css-1tfve6q-MuiSlider-mark"
      data-index="119"
      style="left: 23.847695390781563%;"
    />
    <span
      class="MuiSlider-mark css-1tfve6q-MuiSlider-mark"
      data-index="120"
      style="left: 24.04809619238477%;"
    />
    <span
      class="MuiSlider-mark css-1tfve6q-MuiSlider-mark"
      data-index="121"
      style="left: 24.248496993987978%;"
    />
    <span
      class="MuiSlider-mark css-1tfve6q-MuiSlider-mark"
      data-index="122"
      style="left: 24.448897795591183%;"
    />
    <span
      class="MuiSlider-mark css-1tfve6q-MuiSlider-mark"
      data-index="123"
      style="left: 24.649298597194388%;"
    />
    <span
      class="MuiSlider-mark css-1tfve6q-MuiSlider-mark"
      data-index="124"
      style="left: 24.849699398797597%;"
    />
    <span
      class="MuiSlider-mark css-1tfve6q-MuiSlider-mark"
      data-index="125"
      style="left: 25.050100200400802%;"
    />
    <span
      class="MuiSlider-mark css-1tfve6q-MuiSlider-mark"
      data-index="126"
      style="left: 25.250501002004007%;"
    />
    <span
      class="MuiSlider-mark css-1tfve6q-MuiSlider-mark"
      data-index="127"
      style="left: 25.450901803607213%;"
    />
    <span
      class="MuiSlider-mark css-1tfve6q-MuiSlider-mark"
      data-index="128"
      style="left: 25.65130260521042%;"
    />
    <span
      class="MuiSlider-mark css-1tfve6q-MuiSlider-mark"
      data-index="129"
      style="left: 25.851703406813627%;"
    />
    <span
      class="MuiSlider-mark css-1tfve6q-MuiSlider-mark"
      data-index="130"
      style="left: 26.052104208416832%;"
    />
    <span
      class="MuiSlider-mark css-1tfve6q-MuiSlider-mark"
      data-index="131"
      style="left: 26.25250501002004%;"
    />
    <span
      class="MuiSlider-mark css-1tfve6q-MuiSlider-mark"
      data-index="132"
      style="left: 26.452905811623246%;"
    />
    <span
      class="MuiSlider-mark css-1tfve6q-MuiSlider-mark"
      data-index="133"
      style="left: 26.65330661322645%;"
    />
    <span
      class="MuiSlider-mark css-1tfve6q-MuiSlider-mark"
      data-index="134"
      style="left: 26.85370741482966%;"
    />
    <span
      class="MuiSlider-mark css-1tfve6q-MuiSlider-mark"
      data-index="135"
      style="left: 27.054108216432866%;"
    />
    <span
      class="MuiSlider-mark css-1tfve6q-MuiSlider-mark"
      data-index="136"
      style="left: 27.25450901803607%;"
    />
    <span
      class="MuiSlider-mark css-1tfve6q-MuiSlider-mark"
      data-index="137"
      style="left: 27.45490981963928%;"
    />
    <span
      class="MuiSlider-mark css-1tfve6q-MuiSlider-mark"
      data-index="138"
      style="left: 27.655310621242485%;"
    />
    <span
      class="MuiSlider-mark css-1tfve6q-MuiSlider-mark"
      data-index="139"
      style="left: 27.85571142284569%;"
    />
    <span
      class="MuiSlider-mark css-1tfve6q-MuiSlider-mark"
      data-index="140"
      style="left: 28.0561122244489%;"
    />
    <span
      class="MuiSlider-mark css-1tfve6q-MuiSlider-mark"
      data-index="141"
      style="left: 28.256513026052104%;"
    />
    <span
      class="MuiSlider-mark css-1tfve6q-MuiSlider-mark"
      data-index="142"
      style="left: 28.45691382765531%;"
    />
    <span
      class="MuiSlider-mark css-1tfve6q-MuiSlider-mark"
      data-index="143"
      style="left: 28.65731462925852%;"
    />
    <span
      class="MuiSlider-mark css-1tfve6q-MuiSlider-mark"
      data-index="144"
      style="left: 28.857715430861724%;"
    />
    <span
      class="MuiSlider-mark css-1tfve6q-MuiSlider-mark"
      data-index="145"
      style="left: 29.05811623246493%;"
    />
    <span
      class="MuiSlider-mark css-1tfve6q-MuiSlider-mark"
      data-index="146"
      style="left: 29.258517034068138%;"
    />
    <span
      class="MuiSlider-mark css-1tfve6q-MuiSlider-mark"
      data-index="147"
      style="left: 29.458917835671343%;"
    />
    <span
      class="MuiSlider-mark css-1tfve6q-MuiSlider-mark"
      data-index="148"
      style="left: 29.65931863727455%;"
    />
    <span
      class="MuiSlider-mark css-1tfve6q-MuiSlider-mark"
      data-index="149"
      style="left: 29.859719438877754%;"
    />
    <span
      class="MuiSlider-mark css-1tfve6q-MuiSlider-mark"
      data-index="150"
      style="left: 30.060120240480963%;"
    />
    <span
      class="MuiSlider-mark css-1tfve6q-MuiSlider-mark"
      data-index="151"
      style="left: 30.260521042084168%;"
    />
    <span
      class="MuiSlider-mark css-1tfve6q-MuiSlider-mark"
      data-index="152"
      style="left: 30.460921843687373%;"
    />
    <span
      class="MuiSlider-mark css-1tfve6q-MuiSlider-mark"
      data-index="153"
      style="left: 30.661322645290582%;"
    />
    <span
      class="MuiSlider-mark css-1tfve6q-MuiSlider-mark"
      data-index="154"
      style="left: 30.861723446893787%;"
    />
    <span
      class="MuiSlider-mark css-1tfve6q-MuiSlider-mark"
      data-index="155"
      style="left: 31.062124248496993%;"
    />
    <span
      class="MuiSlider-mark css-1tfve6q-MuiSlider-mark"
      data-index="156"
      style="left: 31.2625250501002%;"
    />
    <span
      class="MuiSlider-mark css-1tfve6q-MuiSlider-mark"
      data-index="157"
      style="left: 31.462925851703407%;"
    />
    <span
      class="MuiSlider-mark css-1tfve6q-MuiSlider-mark"
      data-index="158"
      style="left: 31.663326653306612%;"
    />
    <span
      class="MuiSlider-mark css-1tfve6q-MuiSlider-mark"
      data-index="159"
      style="left: 31.86372745490982%;"
    />
    <span
      class="MuiSlider-mark css-1tfve6q-MuiSlider-mark"
      data-index="160"
      style="left: 32.06412825651302%;"
    />
    <span
      class="MuiSlider-mark css-1tfve6q-MuiSlider-mark"
      data-index="161"
      style="left: 32.26452905811623%;"
    />
    <span
      class="MuiSlider-mark css-1tfve6q-MuiSlider-mark"
      data-index="162"
      style="left: 32.46492985971944%;"
    />
    <span
      class="MuiSlider-mark css-1tfve6q-MuiSlider-mark"
      data-index="163"
      style="left: 32.66533066132264%;"
    />
    <span
      class="MuiSlider-mark css-1tfve6q-MuiSlider-mark"
      data-index="164"
      style="left: 32.86573146292585%;"
    />
    <span
      class="MuiSlider-mark css-1tfve6q-MuiSlider-mark"
      data-index="165"
      style="left: 33.06613226452906%;"
    />
    <span
      class="MuiSlider-mark css-1tfve6q-MuiSlider-mark"
      data-index="166"
      style="left: 33.26653306613226%;"
    />
    <span
      class="MuiSlider-mark css-1tfve6q-MuiSlider-mark"
      data-index="167"
      style="left: 33.46693386773547%;"
    />
    <span
      class="MuiSlider-mark css-1tfve6q-MuiSlider-mark"
      data-index="168"
      style="left: 33.66733466933868%;"
    />
    <span
      class="MuiSlider-mark css-1tfve6q-MuiSlider-mark"
      data-index="169"
      style="left: 33.86773547094188%;"
    />
    <span
      class="MuiSlider-mark css-1tfve6q-MuiSlider-mark"
      data-index="170"
      style="left: 34.06813627254509%;"
    />
    <span
      class="MuiSlider-mark css-1tfve6q-MuiSlider-mark"
      data-index="171"
      style="left: 34.2685370741483%;"
    />
    <span
      class="MuiSlider-mark css-1tfve6q-MuiSlider-mark"
      data-index="172"
      style="left: 34.4689378757515%;"
    />
    <span
      class="MuiSlider-mark css-1tfve6q-MuiSlider-mark"
      data-index="173"
      style="left: 34.66933867735471%;"
    />
    <span
      class="MuiSlider-mark css-1tfve6q-MuiSlider-mark"
      data-index="174"
      style="left: 34.86973947895792%;"
    />
    <span
      class="MuiSlider-mark css-1tfve6q-MuiSlider-mark"
      data-index="175"
      style="left: 35.07014028056112%;"
    />
    <span
      class="MuiSlider-mark css-1tfve6q-MuiSlider-mark"
      data-index="176"
      style="left: 35.27054108216433%;"
    />
    <span
      class="MuiSlider-mark css-1tfve6q-MuiSlider-mark"
      data-index="177"
      style="left: 35.47094188376754%;"
    />
    <span
      class="MuiSlider-mark css-1tfve6q-MuiSlider-mark"
      data-index="178"
      style="left: 35.67134268537074%;"
    />
    <span
      class="MuiSlider-mark css-1tfve6q-MuiSlider-mark"
      data-index="179"
      style="left: 35.87174348697395%;"
    />
    <span
      class="MuiSlider-mark css-1tfve6q-MuiSlider-mark"
      data-index="180"
      style="left: 36.07214428857716%;"
    />
    <span
      class="MuiSlider-mark css-1tfve6q-MuiSlider-mark"
      data-index="181"
      style="left: 36.27254509018036%;"
    />
    <span
      class="MuiSlider-mark css-1tfve6q-MuiSlider-mark"
      data-index="182"
      style="left: 36.47294589178357%;"
    />
    <span
      class="MuiSlider-mark css-1tfve6q-MuiSlider-mark"
      data-index="183"
      style="left: 36.673346693386776%;"
    />
    <span
      class="MuiSlider-mark css-1tfve6q-MuiSlider-mark"
      data-index="184"
      style="left: 36.87374749498998%;"
    />
    <span
      class="MuiSlider-mark css-1tfve6q-MuiSlider-mark"
      data-index="185"
      style="left: 37.07414829659319%;"
    />
    <span
      class="MuiSlider-mark css-1tfve6q-MuiSlider-mark"
      data-index="186"
      style="left: 37.274549098196395%;"
    />
    <span
      class="MuiSlider-mark css-1tfve6q-MuiSlider-mark"
      data-index="187"
      style="left: 37.4749498997996%;"
    />
    <span
      class="MuiSlider-mark css-1tfve6q-MuiSlider-mark"
      data-index="188"
      style="left: 37.675350701402806%;"
    />
    <span
      class="MuiSlider-mark css-1tfve6q-MuiSlider-mark"
      data-index="189"
      style="left: 37.875751503006015%;"
    />
    <span
      class="MuiSlider-mark css-1tfve6q-MuiSlider-mark"
      data-index="190"
      style="left: 38.07615230460922%;"
    />
    <span
      class="MuiSlider-mark css-1tfve6q-MuiSlider-mark"
      data-index="191"
      style="left: 38.276553106212425%;"
    />
    <span
      class="MuiSlider-mark css-1tfve6q-MuiSlider-mark"
      data-index="192"
      style="left: 38.476953907815634%;"
    />
    <span
      class="MuiSlider-mark css-1tfve6q-MuiSlider-mark"
      data-index="193"
      style="left: 38.677354709418836%;"
    />
    <span
      class="MuiSlider-mark css-1tfve6q-MuiSlider-mark"
      data-index="194"
      style="left: 38.877755511022045%;"
    />
    <span
      class="MuiSlider-mark css-1tfve6q-MuiSlider-mark"
      data-index="195"
      style="left: 39.078156312625254%;"
    />
    <span
      class="MuiSlider-mark css-1tfve6q-MuiSlider-mark"
      data-index="196"
      style="left: 39.278557114228455%;"
    />
    <span
      class="MuiSlider-mark css-1tfve6q-MuiSlider-mark"
      data-index="197"
      style="left: 39.478957915831664%;"
    />
    <span
      class="MuiSlider-mark css-1tfve6q-MuiSlider-mark"
      data-index="198"
      style="left: 39.67935871743487%;"
    />
    <span
      class="MuiSlider-mark css-1tfve6q-MuiSlider-mark"
      data-index="199"
      style="left: 39.879759519038075%;"
    />
    <span
      class="MuiSlider-mark css-1tfve6q-MuiSlider-mark"
      data-index="200"
      style="left: 40.08016032064128%;"
    />
    <span
      class="MuiSlider-mark css-1tfve6q-MuiSlider-mark"
      data-index="201"
      style="left: 40.28056112224449%;"
    />
    <span
      class="MuiSlider-mark css-1tfve6q-MuiSlider-mark"
      data-index="202"
      style="left: 40.480961923847694%;"
    />
    <span
      class="MuiSlider-mark css-1tfve6q-MuiSlider-mark"
      data-index="203"
      style="left: 40.6813627254509%;"
    />
    <span
      class="MuiSlider-mark css-1tfve6q-MuiSlider-mark"
      data-index="204"
      style="left: 40.88176352705411%;"
    />
    <span
      class="MuiSlider-mark css-1tfve6q-MuiSlider-mark"
      data-index="205"
      style="left: 41.08216432865731%;"
    />
    <span
      class="MuiSlider-mark css-1tfve6q-MuiSlider-mark"
      data-index="206"
      style="left: 41.28256513026052%;"
    />
    <span
      class="MuiSlider-mark css-1tfve6q-MuiSlider-mark"
      data-index="207"
      style="left: 41.482965931863724%;"
    />
    <span
      class="MuiSlider-mark css-1tfve6q-MuiSlider-mark"
      data-index="208"
      style="left: 41.68336673346693%;"
    />
    <span
      class="MuiSlider-mark css-1tfve6q-MuiSlider-mark"
      data-index="209"
      style="left: 41.88376753507014%;"
    />
    <span
      class="MuiSlider-mark css-1tfve6q-MuiSlider-mark"
      data-index="210"
      style="left: 42.08416833667334%;"
    />
    <span
      class="MuiSlider-mark css-1tfve6q-MuiSlider-mark"
      data-index="211"
      style="left: 42.28456913827655%;"
    />
    <span
      class="MuiSlider-mark css-1tfve6q-MuiSlider-mark"
      data-index="212"
      style="left: 42.48496993987976%;"
    />
    <span
      class="MuiSlider-mark css-1tfve6q-MuiSlider-mark"
      data-index="213"
      style="left: 42.68537074148296%;"
    />
    <span
      class="MuiSlider-mark css-1tfve6q-MuiSlider-mark"
      data-index="214"
      style="left: 42.88577154308617%;"
    />
    <span
      class="MuiSlider-mark css-1tfve6q-MuiSlider-mark"
      data-index="215"
      style="left: 43.08617234468938%;"
    />
    <span
      class="MuiSlider-mark css-1tfve6q-MuiSlider-mark"
      data-index="216"
      style="left: 43.28657314629258%;"
    />
    <span
      class="MuiSlider-mark css-1tfve6q-MuiSlider-mark"
      data-index="217"
      style="left: 43.48697394789579%;"
    />
    <span
      class="MuiSlider-mark css-1tfve6q-MuiSlider-mark"
      data-index="218"
      style="left: 43.687374749499%;"
    />
    <span
      class="MuiSlider-mark css-1tfve6q-MuiSlider-mark"
      data-index="219"
      style="left: 43.8877755511022%;"
    />
    <span
      class="MuiSlider-mark css-1tfve6q-MuiSlider-mark"
      data-index="220"
      style="left: 44.08817635270541%;"
    />
    <span
      class="MuiSlider-mark css-1tfve6q-MuiSlider-mark"
      data-index="221"
      style="left: 44.28857715430862%;"
    />
    <span
      class="MuiSlider-mark css-1tfve6q-MuiSlider-mark"
      data-index="222"
      style="left: 44.48897795591182%;"
    />
    <span
      class="MuiSlider-mark css-1tfve6q-MuiSlider-mark"
      data-index="223"
      style="left: 44.68937875751503%;"
    />
    <span
      class="MuiSlider-mark css-1tfve6q-MuiSlider-mark"
      data-index="224"
      style="left: 44.88977955911824%;"
    />
    <span
      class="MuiSlider-mark css-1tfve6q-MuiSlider-mark"
      data-index="225"
      style="left: 45.09018036072144%;"
    />
    <span
      class="MuiSlider-mark css-1tfve6q-MuiSlider-mark"
      data-index="226"
      style="left: 45.29058116232465%;"
    />
    <span
      class="MuiSlider-mark css-1tfve6q-MuiSlider-mark"
      data-index="227"
      style="left: 45.49098196392786%;"
    />
    <span
      class="MuiSlider-mark css-1tfve6q-MuiSlider-mark"
      data-index="228"
      style="left: 45.69138276553106%;"
    />
    <span
      class="MuiSlider-mark css-1tfve6q-MuiSlider-mark"
      data-index="229"
      style="left: 45.89178356713427%;"
    />
    <span
      class="MuiSlider-mark css-1tfve6q-MuiSlider-mark"
      data-index="230"
      style="left: 46.09218436873748%;"
    />
    <span
      class="MuiSlider-mark css-1tfve6q-MuiSlider-mark"
      data-index="231"
      style="left: 46.29258517034068%;"
    />
    <span
      class="MuiSlider-mark css-1tfve6q-MuiSlider-mark"
      data-index="232"
      style="left: 46.49298597194389%;"
    />
    <span
      class="MuiSlider-mark css-1tfve6q-MuiSlider-mark"
      data-index="233"
      style="left: 46.6933867735471%;"
    />
    <span
      class="MuiSlider-mark css-1tfve6q-MuiSlider-mark"
      data-index="234"
      style="left: 46.8937875751503%;"
    />
    <span
      class="MuiSlider-mark css-1tfve6q-MuiSlider-mark"
      data-index="235"
      style="left: 47.09418837675351%;"
    />
    <span
      class="MuiSlider-mark css-1tfve6q-MuiSlider-mark"
      data-index="236"
      style="left: 47.294589178356716%;"
    />
    <span
      class="MuiSlider-mark css-1tfve6q-MuiSlider-mark"
      data-index="237"
      style="left: 47.49498997995992%;"
    />
    <span
      class="MuiSlider-mark css-1tfve6q-MuiSlider-mark"
      data-index="238"
      style="left: 47.69539078156313%;"
    />
    <span
      class="MuiSlider-mark css-1tfve6q-MuiSlider-mark"
      data-index="239"
      style="left: 47.895791583166336%;"
    />
    <span
      class="MuiSlider-mark css-1tfve6q-MuiSlider-mark"
      data-index="240"
      style="left: 48.09619238476954%;"
    />
    <span
      class="MuiSlider-mark css-1tfve6q-MuiSlider-mark"
      data-index="241"
      style="left: 48.296593186372746%;"
    />
    <span
      class="MuiSlider-mark css-1tfve6q-MuiSlider-mark"
      data-index="242"
      style="left: 48.496993987975955%;"
    />
    <span
      class="MuiSlider-mark css-1tfve6q-MuiSlider-mark"
      data-index="243"
      style="left: 48.69739478957916%;"
    />
    <span
      class="MuiSlider-mark css-1tfve6q-MuiSlider-mark"
      data-index="244"
      style="left: 48.897795591182366%;"
    />
    <span
      class="MuiSlider-mark css-1tfve6q-MuiSlider-mark"
      data-index="245"
      style="left: 49.098196392785574%;"
    />
    <span
      class="MuiSlider-mark css-1tfve6q-MuiSlider-mark"
      data-index="246"
      style="left: 49.298597194388776%;"
    />
    <span
      class="MuiSlider-mark css-1tfve6q-MuiSlider-mark"
      data-index="247"
      style="left: 49.498997995991985%;"
    />
    <span
      class="MuiSlider-mark css-1tfve6q-MuiSlider-mark"
      data-index="248"
      style="left: 49.699398797595194%;"
    />
    <span
      class="MuiSlider-mark css-1tfve6q-MuiSlider-mark"
      data-index="249"
      style="left: 49.899799599198396%;"
    />
    <span
      class="MuiSlider-mark css-1tfve6q-MuiSlider-mark"
      data-index="250"
      style="left: 50.100200400801604%;"
    />
    <span
      class="MuiSlider-mark css-1tfve6q-MuiSlider-mark"
      data-index="251"
      style="left: 50.300601202404806%;"
    />
    <span
      class="MuiSlider-mark css-1tfve6q-MuiSlider-mark"
      data-index="252"
      style="left: 50.501002004008015%;"
    />
    <span
      class="MuiSlider-mark css-1tfve6q-MuiSlider-mark"
      data-index="253"
      style="left: 50.701402805611224%;"
    />
    <span
      class="MuiSlider-mark css-1tfve6q-MuiSlider-mark"
      data-index="254"
      style="left: 50.901803607214426%;"
    />
    <span
      class="MuiSlider-mark css-1tfve6q-MuiSlider-mark"
      data-index="255"
      style="left: 51.102204408817634%;"
    />
    <span
      class="MuiSlider-mark css-1tfve6q-MuiSlider-mark"
      data-index="256"
      style="left: 51.30260521042084%;"
    />
    <span
      class="MuiSlider-mark css-1tfve6q-MuiSlider-mark"
      data-index="257"
      style="left: 51.503006012024045%;"
    />
    <span
      class="MuiSlider-mark css-1tfve6q-MuiSlider-mark"
      data-index="258"
      style="left: 51.703406813627254%;"
    />
    <span
      class="MuiSlider-mark css-1tfve6q-MuiSlider-mark"
      data-index="259"
      style="left: 51.90380761523046%;"
    />
    <span
      class="MuiSlider-mark css-1tfve6q-MuiSlider-mark"
      data-index="260"
      style="left: 52.104208416833664%;"
    />
    <span
      class="MuiSlider-mark css-1tfve6q-MuiSlider-mark"
      data-index="261"
      style="left: 52.30460921843687%;"
    />
    <span
      class="MuiSlider-mark css-1tfve6q-MuiSlider-mark"
      data-index="262"
      style="left: 52.50501002004008%;"
    />
    <span
      class="MuiSlider-mark css-1tfve6q-MuiSlider-mark"
      data-index="263"
      style="left: 52.705410821643284%;"
    />
    <span
      class="MuiSlider-mark css-1tfve6q-MuiSlider-mark"
      data-index="264"
      style="left: 52.90581162324649%;"
    />
    <span
      class="MuiSlider-mark css-1tfve6q-MuiSlider-mark"
      data-index="265"
      style="left: 53.1062124248497%;"
    />
    <span
      class="MuiSlider-mark css-1tfve6q-MuiSlider-mark"
      data-index="266"
      style="left: 53.3066132264529%;"
    />
    <span
      class="MuiSlider-mark css-1tfve6q-MuiSlider-mark"
      data-index="267"
      style="left: 53.50701402805611%;"
    />
    <span
      class="MuiSlider-mark css-1tfve6q-MuiSlider-mark"
      data-index="268"
      style="left: 53.70741482965932%;"
    />
    <span
      class="MuiSlider-mark css-1tfve6q-MuiSlider-mark"
      data-index="269"
      style="left: 53.90781563126252%;"
    />
    <span
      class="MuiSlider-mark css-1tfve6q-MuiSlider-mark"
      data-index="270"
      style="left: 54.10821643286573%;"
    />
    <span
      class="MuiSlider-mark css-1tfve6q-MuiSlider-mark"
      data-index="271"
      style="left: 54.30861723446894%;"
    />
    <span
      class="MuiSlider-mark css-1tfve6q-MuiSlider-mark"
      data-index="272"
      style="left: 54.50901803607214%;"
    />
    <span
      class="MuiSlider-mark css-1tfve6q-MuiSlider-mark"
      data-index="273"
      style="left: 54.70941883767535%;"
    />
    <span
      class="MuiSlider-mark css-1tfve6q-MuiSlider-mark"
      data-index="274"
      style="left: 54.90981963927856%;"
    />
    <span
      class="MuiSlider-mark css-1tfve6q-MuiSlider-mark"
      data-index="275"
      style="left: 55.11022044088176%;"
    />
    <span
      class="MuiSlider-mark css-1tfve6q-MuiSlider-mark"
      data-index="276"
      style="left: 55.31062124248497%;"
    />
    <span
      class="MuiSlider-mark css-1tfve6q-MuiSlider-mark"
      data-index="277"
      style="left: 55.51102204408818%;"
    />
    <span
      class="MuiSlider-mark css-1tfve6q-MuiSlider-mark"
      data-index="278"
      style="left: 55.71142284569138%;"
    />
    <span
      class="MuiSlider-mark css-1tfve6q-MuiSlider-mark"
      data-index="279"
      style="left: 55.91182364729459%;"
    />
    <span
      class="MuiSlider-mark css-1tfve6q-MuiSlider-mark"
      data-index="280"
      style="left: 56.1122244488978%;"
    />
    <span
      class="MuiSlider-mark css-1tfve6q-MuiSlider-mark"
      data-index="281"
      style="left: 56.312625250501%;"
    />
    <span
      class="MuiSlider-mark css-1tfve6q-MuiSlider-mark"
      data-index="282"
      style="left: 56.51302605210421%;"
    />
    <span
      class="MuiSlider-mark css-1tfve6q-MuiSlider-mark"
      data-index="283"
      style="left: 56.71342685370742%;"
    />
    <span
      class="MuiSlider-mark css-1tfve6q-MuiSlider-mark"
      data-index="284"
      style="left: 56.91382765531062%;"
    />
    <span
      class="MuiSlider-mark css-1tfve6q-MuiSlider-mark"
      data-index="285"
      style="left: 57.11422845691383%;"
    />
    <span
      class="MuiSlider-mark css-1tfve6q-MuiSlider-mark"
      data-index="286"
      style="left: 57.31462925851704%;"
    />
    <span
      class="MuiSlider-mark css-1tfve6q-MuiSlider-mark"
      data-index="287"
      style="left: 57.51503006012024%;"
    />
    <span
      class="MuiSlider-mark css-1tfve6q-MuiSlider-mark"
      data-index="288"
      style="left: 57.71543086172345%;"
    />
    <span
      class="MuiSlider-mark css-1tfve6q-MuiSlider-mark"
      data-index="289"
      style="left: 57.91583166332666%;"
    />
    <span
      class="MuiSlider-mark css-1tfve6q-MuiSlider-mark"
      data-index="290"
      style="left: 58.11623246492986%;"
    />
    <span
      class="MuiSlider-mark css-1tfve6q-MuiSlider-mark"
      data-index="291"
      style="left: 58.31663326653307%;"
    />
    <span
      class="MuiSlider-mark css-1tfve6q-MuiSlider-mark"
      data-index="292"
      style="left: 58.517034068136276%;"
    />
    <span
      class="MuiSlider-mark css-1tfve6q-MuiSlider-mark"
      data-index="293"
      style="left: 58.71743486973948%;"
    />
    <span
      class="MuiSlider-mark css-1tfve6q-MuiSlider-mark"
      data-index="294"
      style="left: 58.91783567134269%;"
    />
    <span
      class="MuiSlider-mark css-1tfve6q-MuiSlider-mark"
      data-index="295"
      style="left: 59.11823647294589%;"
    />
    <span
      class="MuiSlider-mark css-1tfve6q-MuiSlider-mark"
      data-index="296"
      style="left: 59.3186372745491%;"
    />
    <span
      class="MuiSlider-mark css-1tfve6q-MuiSlider-mark"
      data-index="297"
      style="left: 59.519038076152306%;"
    />
    <span
      class="MuiSlider-mark css-1tfve6q-MuiSlider-mark"
      data-index="298"
      style="left: 59.71943887775551%;"
    />
    <span
      class="MuiSlider-mark css-1tfve6q-MuiSlider-mark"
      data-index="299"
      style="left: 59.91983967935872%;"
    />
    <span
      class="MuiSlider-mark css-1tfve6q-MuiSlider-mark"
      data-index="300"
      style="left: 60.120240480961925%;"
    />
    <span
      class="MuiSlider-mark css-1tfve6q-MuiSlider-mark"
      data-index="301"
      style="left: 60.32064128256513%;"
    />
    <span
      class="MuiSlider-mark css-1tfve6q-MuiSlider-mark"
      data-index="302"
      style="left: 60.521042084168336%;"
    />
    <span
      class="MuiSlider-mark css-1tfve6q-MuiSlider-mark"
      data-index="303"
      style="left: 60.721442885771545%;"
    />
    <span
      class="MuiSlider-mark css-1tfve6q-MuiSlider-mark"
      data-index="304"
      style="left: 60.921843687374746%;"
    />
    <span
      class="MuiSlider-mark css-1tfve6q-MuiSlider-mark"
      data-index="305"
      style="left: 61.122244488977955%;"
    />
    <span
      class="MuiSlider-mark css-1tfve6q-MuiSlider-mark"
      data-index="306"
      style="left: 61.322645290581164%;"
    />
    <span
      class="MuiSlider-mark css-1tfve6q-MuiSlider-mark"
      data-index="307"
      style="left: 61.523046092184366%;"
    />
    <span
      class="MuiSlider-mark css-1tfve6q-MuiSlider-mark"
      data-index="308"
      style="left: 61.723446893787575%;"
    />
    <span
      class="MuiSlider-mark css-1tfve6q-MuiSlider-mark"
      data-index="309"
      style="left: 61.92384769539078%;"
    />
    <span
      class="MuiSlider-mark css-1tfve6q-MuiSlider-mark"
      data-index="310"
      style="left: 62.124248496993985%;"
    />
    <span
      class="MuiSlider-mark css-1tfve6q-MuiSlider-mark"
      data-index="311"
      style="left: 62.324649298597194%;"
    />
    <span
      class="MuiSlider-mark css-1tfve6q-MuiSlider-mark"
      data-index="312"
      style="left: 62.5250501002004%;"
    />
    <span
      class="MuiSlider-mark css-1tfve6q-MuiSlider-mark"
      data-index="313"
      style="left: 62.725450901803605%;"
    />
    <span
      class="MuiSlider-mark css-1tfve6q-MuiSlider-mark"
      data-index="314"
      style="left: 62.92585170340681%;"
    />
    <span
      class="MuiSlider-mark css-1tfve6q-MuiSlider-mark"
      data-index="315"
      style="left: 63.12625250501002%;"
    />
    <span
      class="MuiSlider-mark css-1tfve6q-MuiSlider-mark"
      data-index="316"
      style="left: 63.326653306613224%;"
    />
    <span
      class="MuiSlider-mark css-1tfve6q-MuiSlider-mark"
      data-index="317"
      style="left: 63.52705410821643%;"
    />
    <span
      class="MuiSlider-mark css-1tfve6q-MuiSlider-mark"
      data-index="318"
      style="left: 63.72745490981964%;"
    />
    <span
      class="MuiSlider-mark css-1tfve6q-MuiSlider-mark"
      data-index="319"
      style="left: 63.92785571142284%;"
    />
    <span
      class="MuiSlider-mark css-1tfve6q-MuiSlider-mark"
      data-index="320"
      style="left: 64.12825651302605%;"
    />
    <span
      class="MuiSlider-mark css-1tfve6q-MuiSlider-mark"
      data-index="321"
      style="left: 64.32865731462925%;"
    />
    <span
      class="MuiSlider-mark css-1tfve6q-MuiSlider-mark"
      data-index="322"
      style="left: 64.52905811623246%;"
    />
    <span
      class="MuiSlider-mark css-1tfve6q-MuiSlider-mark"
      data-index="323"
      style="left: 64.72945891783567%;"
    />
    <span
      class="MuiSlider-mark css-1tfve6q-MuiSlider-mark"
      data-index="324"
      style="left: 64.92985971943888%;"
    />
    <span
      class="MuiSlider-mark css-1tfve6q-MuiSlider-mark"
      data-index="325"
      style="left: 65.13026052104209%;"
    />
    <span
      class="MuiSlider-mark css-1tfve6q-MuiSlider-mark"
      data-index="326"
      style="left: 65.33066132264528%;"
    />
    <span
      class="MuiSlider-mark css-1tfve6q-MuiSlider-mark"
      data-index="327"
      style="left: 65.53106212424849%;"
    />
    <span
      class="MuiSlider-mark css-1tfve6q-MuiSlider-mark"
      data-index="328"
      style="left: 65.7314629258517%;"
    />
    <span
      class="MuiSlider-mark css-1tfve6q-MuiSlider-mark"
      data-index="329"
      style="left: 65.93186372745491%;"
    />
    <span
      class="MuiSlider-mark css-1tfve6q-MuiSlider-mark"
      data-index="330"
      style="left: 66.13226452905812%;"
    />
    <span
      class="MuiSlider-mark css-1tfve6q-MuiSlider-mark"
      data-index="331"
      style="left: 66.33266533066133%;"
    />
    <span
      class="MuiSlider-mark css-1tfve6q-MuiSlider-mark"
      data-index="332"
      style="left: 66.53306613226452%;"
    />
    <span
      class="MuiSlider-mark css-1tfve6q-MuiSlider-mark"
      data-index="333"
      style="left: 66.73346693386773%;"
    />
    <span
      class="MuiSlider-mark css-1tfve6q-MuiSlider-mark"
      data-index="334"
      style="left: 66.93386773547094%;"
    />
    <span
      class="MuiSlider-mark css-1tfve6q-MuiSlider-mark"
      data-index="335"
      style="left: 67.13426853707415%;"
    />
    <span
      class="MuiSlider-mark css-1tfve6q-MuiSlider-mark"
      data-index="336"
      style="left: 67.33466933867736%;"
    />
    <span
      class="MuiSlider-mark css-1tfve6q-MuiSlider-mark"
      data-index="337"
      style="left: 67.53507014028057%;"
    />
    <span
      class="MuiSlider-mark css-1tfve6q-MuiSlider-mark"
      data-index="338"
      style="left: 67.73547094188376%;"
    />
    <span
      class="MuiSlider-mark css-1tfve6q-MuiSlider-mark"
      data-index="339"
      style="left: 67.93587174348697%;"
    />
    <span
      class="MuiSlider-mark css-1tfve6q-MuiSlider-mark"
      data-index="340"
      style="left: 68.13627254509018%;"
    />
    <span
      class="MuiSlider-mark css-1tfve6q-MuiSlider-mark"
      data-index="341"
      style="left: 68.33667334669339%;"
    />
    <span
      class="MuiSlider-mark css-1tfve6q-MuiSlider-mark"
      data-index="342"
      style="left: 68.5370741482966%;"
    />
    <span
      class="MuiSlider-mark css-1tfve6q-MuiSlider-mark"
      data-index="343"
      style="left: 68.7374749498998%;"
    />
    <span
      class="MuiSlider-mark css-1tfve6q-MuiSlider-mark"
      data-index="344"
      style="left: 68.937875751503%;"
    />
    <span
      class="MuiSlider-mark css-1tfve6q-MuiSlider-mark"
      data-index="345"
      style="left: 69.13827655310621%;"
    />
    <span
      class="MuiSlider-mark css-1tfve6q-MuiSlider-mark"
      data-index="346"
      style="left: 69.33867735470942%;"
    />
    <span
      class="MuiSlider-mark css-1tfve6q-MuiSlider-mark"
      data-index="347"
      style="left: 69.53907815631263%;"
    />
    <span
      class="MuiSlider-mark css-1tfve6q-MuiSlider-mark"
      data-index="348"
      style="left: 69.73947895791584%;"
    />
    <span
      class="MuiSlider-mark css-1tfve6q-MuiSlider-mark"
      data-index="349"
      style="left: 69.93987975951904%;"
    />
    <span
      class="MuiSlider-mark css-1tfve6q-MuiSlider-mark"
      data-index="350"
      style="left: 70.14028056112224%;"
    />
    <span
      class="MuiSlider-mark css-1tfve6q-MuiSlider-mark"
      data-index="351"
      style="left: 70.34068136272545%;"
    />
    <span
      class="MuiSlider-mark css-1tfve6q-MuiSlider-mark"
      data-index="352"
      style="left: 70.54108216432866%;"
    />
    <span
      class="MuiSlider-mark css-1tfve6q-MuiSlider-mark"
      data-index="353"
      style="left: 70.74148296593187%;"
    />
    <span
      class="MuiSlider-mark css-1tfve6q-MuiSlider-mark"
      data-index="354"
      style="left: 70.94188376753507%;"
    />
    <span
      class="MuiSlider-mark css-1tfve6q-MuiSlider-mark"
      data-index="355"
      style="left: 71.14228456913828%;"
    />
    <span
      class="MuiSlider-mark css-1tfve6q-MuiSlider-mark"
      data-index="356"
      style="left: 71.34268537074148%;"
    />
    <span
      class="MuiSlider-mark css-1tfve6q-MuiSlider-mark"
      data-index="357"
      style="left: 71.54308617234469%;"
    />
    <span
      class="MuiSlider-mark css-1tfve6q-MuiSlider-mark"
      data-index="358"
      style="left: 71.7434869739479%;"
    />
    <span
      class="MuiSlider-mark css-1tfve6q-MuiSlider-mark"
      data-index="359"
      style="left: 71.9438877755511%;"
    />
    <span
      class="MuiSlider-mark css-1tfve6q-MuiSlider-mark"
      data-index="360"
      style="left: 72.14428857715431%;"
    />
    <span
      class="MuiSlider-mark css-1tfve6q-MuiSlider-mark"
      data-index="361"
      style="left: 72.34468937875752%;"
    />
    <span
      class="MuiSlider-mark css-1tfve6q-MuiSlider-mark"
      data-index="362"
      style="left: 72.54509018036072%;"
    />
    <span
      class="MuiSlider-mark css-1tfve6q-MuiSlider-mark"
      data-index="363"
      style="left: 72.74549098196393%;"
    />
    <span
      class="MuiSlider-mark css-1tfve6q-MuiSlider-mark"
      data-index="364"
      style="left: 72.94589178356713%;"
    />
    <span
      class="MuiSlider-mark css-1tfve6q-MuiSlider-mark"
      data-index="365"
      style="left: 73.14629258517034%;"
    />
    <span
      class="MuiSlider-mark css-1tfve6q-MuiSlider-mark"
      data-index="366"
      style="left: 73.34669338677355%;"
    />
    <span
      class="MuiSlider-mark css-1tfve6q-MuiSlider-mark"
      data-index="367"
      style="left: 73.54709418837675%;"
    />
    <span
      class="MuiSlider-mark css-1tfve6q-MuiSlider-mark"
      data-index="368"
      style="left: 73.74749498997996%;"
    />
    <span
      class="MuiSlider-mark css-1tfve6q-MuiSlider-mark"
      data-index="369"
      style="left: 73.94789579158316%;"
    />
    <span
      class="MuiSlider-mark css-1tfve6q-MuiSlider-mark"
      data-index="370"
      style="left: 74.14829659318637%;"
    />
    <span
      class="MuiSlider-mark css-1tfve6q-MuiSlider-mark"
      data-index="371"
      style="left: 74.34869739478958%;"
    />
    <span
      class="MuiSlider-mark css-1tfve6q-MuiSlider-mark"
      data-index="372"
      style="left: 74.54909819639279%;"
    />
    <span
      class="MuiSlider-mark css-1tfve6q-MuiSlider-mark"
      data-index="373"
      style="left: 74.74949899799599%;"
    />
    <span
      class="MuiSlider-mark css-1tfve6q-MuiSlider-mark"
      data-index="374"
      style="left: 74.9498997995992%;"
    />
    <span
      class="MuiSlider-mark css-1tfve6q-MuiSlider-mark"
      data-index="375"
      style="left: 75.1503006012024%;"
    />
    <span
      class="MuiSlider-mark css-1tfve6q-MuiSlider-mark"
      data-index="376"
      style="left: 75.35070140280561%;"
    />
    <span
      class="MuiSlider-mark css-1tfve6q-MuiSlider-mark"
      data-index="377"
      style="left: 75.55110220440882%;"
    />
    <span
      class="MuiSlider-mark css-1tfve6q-MuiSlider-mark"
      data-index="378"
      style="left: 75.75150300601203%;"
    />
    <span
      class="MuiSlider-mark css-1tfve6q-MuiSlider-mark"
      data-index="379"
      style="left: 75.95190380761522%;"
    />
    <span
      class="MuiSlider-mark css-1tfve6q-MuiSlider-mark"
      data-index="380"
      style="left: 76.15230460921843%;"
    />
    <span
      class="MuiSlider-mark css-1tfve6q-MuiSlider-mark"
      data-index="381"
      style="left: 76.35270541082164%;"
    />
    <span
      class="MuiSlider-mark css-1tfve6q-MuiSlider-mark"
      data-index="382"
      style="left: 76.55310621242485%;"
    />
    <span
      class="MuiSlider-mark css-1tfve6q-MuiSlider-mark"
      data-index="383"
      style="left: 76.75350701402806%;"
    />
    <span
      class="MuiSlider-mark css-1tfve6q-MuiSlider-mark"
      data-index="384"
      style="left: 76.95390781563127%;"
    />
    <span
      class="MuiSlider-mark css-1tfve6q-MuiSlider-mark"
      data-index="385"
      style="left: 77.15430861723446%;"
    />
    <span
      class="MuiSlider-mark css-1tfve6q-MuiSlider-mark"
      data-index="386"
      style="left: 77.35470941883767%;"
    />
    <span
      class="MuiSlider-mark css-1tfve6q-MuiSlider-mark"
      data-index="387"
      style="left: 77.55511022044088%;"
    />
    <span
      class="MuiSlider-mark css-1tfve6q-MuiSlider-mark"
      data-index="388"
      style="left: 77.75551102204409%;"
    />
    <span
      class="MuiSlider-mark css-1tfve6q-MuiSlider-mark"
      data-index="389"
      style="left: 77.9559118236473%;"
    />
    <span
      class="MuiSlider-mark css-1tfve6q-MuiSlider-mark"
      data-index="390"
      style="left: 78.15631262525051%;"
    />
    <span
      class="MuiSlider-mark css-1tfve6q-MuiSlider-mark"
      data-index="391"
      style="left: 78.3567134268537%;"
    />
    <span
      class="MuiSlider-mark css-1tfve6q-MuiSlider-mark"
      data-index="392"
      style="left: 78.55711422845691%;"
    />
    <span
      class="MuiSlider-mark css-1tfve6q-MuiSlider-mark"
      data-index="393"
      style="left: 78.75751503006012%;"
    />
    <span
      class="MuiSlider-mark css-1tfve6q-MuiSlider-mark"
      data-index="394"
      style="left: 78.95791583166333%;"
    />
    <span
      class="MuiSlider-mark css-1tfve6q-MuiSlider-mark"
      data-index="395"
      style="left: 79.15831663326654%;"
    />
    <span
      class="MuiSlider-mark css-1tfve6q-MuiSlider-mark"
      data-index="396"
      style="left: 79.35871743486975%;"
    />
    <span
      class="MuiSlider-mark css-1tfve6q-MuiSlider-mark"
      data-index="397"
      style="left: 79.55911823647294%;"
    />
    <span
      class="MuiSlider-mark css-1tfve6q-MuiSlider-mark"
      data-index="398"
      style="left: 79.75951903807615%;"
    />
    <span
      class="MuiSlider-mark css-1tfve6q-MuiSlider-mark"
      data-index="399"
      style="left: 79.95991983967936%;"
    />
    <span
      class="MuiSlider-mark css-1tfve6q-MuiSlider-mark"
      data-index="400"
      style="left: 80.16032064128257%;"
    />
    <span
      class="MuiSlider-mark css-1tfve6q-MuiSlider-mark"
      data-index="401"
      style="left: 80.36072144288578%;"
    />
    <span
      class="MuiSlider-mark css-1tfve6q-MuiSlider-mark"
      data-index="402"
      style="left: 80.56112224448898%;"
    />
    <span
      class="MuiSlider-mark css-1tfve6q-MuiSlider-mark"
      data-index="403"
      style="left: 80.76152304609218%;"
    />
    <span
      class="MuiSlider-mark css-1tfve6q-MuiSlider-mark"
      data-index="404"
      style="left: 80.96192384769539%;"
    />
    <span
      class="MuiSlider-mark css-1tfve6q-MuiSlider-mark"
      data-index="405"
      style="left: 81.1623246492986%;"
    />
    <span
      class="MuiSlider-mark css-1tfve6q-MuiSlider-mark"
      data-index="406"
      style="left: 81.3627254509018%;"
    />
    <span
      class="MuiSlider-mark css-1tfve6q-MuiSlider-mark"
      data-index="407"
      style="left: 81.56312625250501%;"
    />
    <span
      class="MuiSlider-mark css-1tfve6q-MuiSlider-mark"
      data-index="408"
      style="left: 81.76352705410822%;"
    />
    <span
      class="MuiSlider-mark css-1tfve6q-MuiSlider-mark"
      data-index="409"
      style="left: 81.96392785571142%;"
    />
    <span
      class="MuiSlider-mark css-1tfve6q-MuiSlider-mark"
      data-index="410"
      style="left: 82.16432865731463%;"
    />
    <span
      class="MuiSlider-mark css-1tfve6q-MuiSlider-mark"
      data-index="411"
      style="left: 82.36472945891784%;"
    />
    <span
      class="MuiSlider-mark css-1tfve6q-MuiSlider-mark"
      data-index="412"
      style="left: 82.56513026052104%;"
    />
    <span
      class="MuiSlider-mark css-1tfve6q-MuiSlider-mark"
      data-index="413"
      style="left: 82.76553106212425%;"
    />
    <span
      class="MuiSlider-mark css-1tfve6q-MuiSlider-mark"
      data-index="414"
      style="left: 82.96593186372745%;"
    />
    <span
      class="MuiSlider-mark css-1tfve6q-MuiSlider-mark"
      data-index="415"
      style="left: 83.16633266533066%;"
    />
    <span
      class="MuiSlider-mark css-1tfve6q-MuiSlider-mark"
      data-index="416"
      style="left: 83.36673346693387%;"
    />
    <span
      class="MuiSlider-mark css-1tfve6q-MuiSlider-mark"
      data-index="417"
      style="left: 83.56713426853707%;"
    />
    <span
      class="MuiSlider-mark css-1tfve6q-MuiSlider-mark"
      data-index="418"
      style="left: 83.76753507014028%;"
    />
    <span
      class="MuiSlider-mark css-1tfve6q-MuiSlider-mark"
      data-index="419"
      style="left: 83.96793587174349%;"
    />
    <span
      class="MuiSlider-mark css-1tfve6q-MuiSlider-mark"
      data-index="420"
      style="left: 84.16833667334669%;"
    />
    <span
      class="MuiSlider-mark css-1tfve6q-MuiSlider-mark"
      data-index="421"
      style="left: 84.3687374749499%;"
    />
    <span
      class="MuiSlider-mark css-1tfve6q-MuiSlider-mark"
      data-index="422"
      style="left: 84.5691382765531%;"
    />
    <span
      class="MuiSlider-mark css-1tfve6q-MuiSlider-mark"
      data-index="423"
      style="left: 84.76953907815631%;"
    />
    <span
      class="MuiSlider-mark css-1tfve6q-MuiSlider-mark"
      data-index="424"
      style="left: 84.96993987975952%;"
    />
    <span
      class="MuiSlider-mark css-1tfve6q-MuiSlider-mark"
      data-index="425"
      style="left: 85.17034068136273%;"
    />
    <span
      class="MuiSlider-mark css-1tfve6q-MuiSlider-mark"
      data-index="426"
      style="left: 85.37074148296593%;"
    />
    <span
      class="MuiSlider-mark css-1tfve6q-MuiSlider-mark"
      data-index="427"
      style="left: 85.57114228456913%;"
    />
    <span
      class="MuiSlider-mark css-1tfve6q-MuiSlider-mark"
      data-index="428"
      style="left: 85.77154308617234%;"
    />
    <span
      class="MuiSlider-mark css-1tfve6q-MuiSlider-mark"
      data-index="429"
      style="left: 85.97194388777555%;"
    />
    <span
      class="MuiSlider-mark css-1tfve6q-MuiSlider-mark"
      data-index="430"
      style="left: 86.17234468937876%;"
    />
    <span
      class="MuiSlider-mark css-1tfve6q-MuiSlider-mark"
      data-index="431"
      style="left: 86.37274549098197%;"
    />
    <span
      class="MuiSlider-mark css-1tfve6q-MuiSlider-mark"
      data-index="432"
      style="left: 86.57314629258516%;"
    />
    <span
      class="MuiSlider-mark css-1tfve6q-MuiSlider-mark"
      data-index="433"
      style="left: 86.77354709418837%;"
    />
    <span
      class="MuiSlider-mark css-1tfve6q-MuiSlider-mark"
      data-index="434"
      style="left: 86.97394789579158%;"
    />
    <span
      class="MuiSlider-mark css-1tfve6q-MuiSlider-mark"
      data-index="435"
      style="left: 87.17434869739479%;"
    />
    <span
      class="MuiSlider-mark css-1tfve6q-MuiSlider-mark"
      data-index="436"
      style="left: 87.374749498998%;"
    />
    <span
      class="MuiSlider-mark css-1tfve6q-MuiSlider-mark"
      data-index="437"
      style="left: 87.57515030060121%;"
    />
    <span
      class="MuiSlider-mark css-1tfve6q-MuiSlider-mark"
      data-index="438"
      style="left: 87.7755511022044%;"
    />
    <span
      class="MuiSlider-mark css-1tfve6q-MuiSlider-mark"
      data-index="439"
      style="left: 87.97595190380761%;"
    />
    <span
      class="MuiSlider-mark css-1tfve6q-MuiSlider-mark"
      data-index="440"
      style="left: 88.17635270541082%;"
    />
    <span
      class="MuiSlider-mark css-1tfve6q-MuiSlider-mark"
      data-index="441"
      style="left: 88.37675350701403%;"
    />
    <span
      class="MuiSlider-mark css-1tfve6q-MuiSlider-mark"
      data-index="442"
      style="left: 88.57715430861724%;"
    />
    <span
      class="MuiSlider-mark css-1tfve6q-MuiSlider-mark"
      data-index="443"
      style="left: 88.77755511022045%;"
    />
    <span
      class="MuiSlider-mark css-1tfve6q-MuiSlider-mark"
      data-index="444"
      style="left: 88.97795591182364%;"
    />
    <span
      class="MuiSlider-mark css-1tfve6q-MuiSlider-mark"
      data-index="445"
      style="left: 89.17835671342685%;"
    />
    <span
      class="MuiSlider-mark css-1tfve6q-MuiSlider-mark"
      data-index="446"
      style="left: 89.37875751503006%;"
    />
    <span
      class="MuiSlider-mark css-1tfve6q-MuiSlider-mark"
      data-index="447"
      style="left: 89.57915831663327%;"
    />
    <span
      class="MuiSlider-mark css-1tfve6q-MuiSlider-mark"
      data-index="448"
      style="left: 89.77955911823648%;"
    />
    <span
      class="MuiSlider-mark css-1tfve6q-MuiSlider-mark"
      data-index="449"
      style="left: 89.97995991983969%;"
    />
    <span
      class="MuiSlider-mark css-1tfve6q-MuiSlider-mark"
      data-index="450"
      style="left: 90.18036072144288%;"
    />
    <span
      class="MuiSlider-mark css-1tfve6q-MuiSlider-mark"
      data-index="451"
      style="left: 90.38076152304609%;"
    />
    <span
      class="MuiSlider-mark css-1tfve6q-MuiSlider-mark"
      data-index="452"
      style="left: 90.5811623246493%;"
    />
    <span
      class="MuiSlider-mark css-1tfve6q-MuiSlider-mark"
      data-index="453"
      style="left: 90.78156312625251%;"
    />
    <span
      class="MuiSlider-mark css-1tfve6q-MuiSlider-mark"
      data-index="454"
      style="left: 90.98196392785572%;"
    />
    <span
      class="MuiSlider-mark css-1tfve6q-MuiSlider-mark"
      data-index="455"
      style="left: 91.18236472945891%;"
    />
    <span
      class="MuiSlider-mark css-1tfve6q-MuiSlider-mark"
      data-index="456"
      style="left: 91.38276553106212%;"
    />
    <span
      class="MuiSlider-mark css-1tfve6q-MuiSlider-mark"
      data-index="457"
      style="left: 91.58316633266533%;"
    />
    <span
      class="MuiSlider-mark css-1tfve6q-MuiSlider-mark"
      data-index="458"
      style="left: 91.78356713426854%;"
    />
    <span
      class="MuiSlider-mark css-1tfve6q-MuiSlider-mark"
      data-index="459"
      style="left: 91.98396793587175%;"
    />
    <span
      class="MuiSlider-mark css-1tfve6q-MuiSlider-mark"
      data-index="460"
      style="left: 92.18436873747495%;"
    />
    <span
      class="MuiSlider-mark css-1tfve6q-MuiSlider-mark"
      data-index="461"
      style="left: 92.38476953907815%;"
    />
    <span
      class="MuiSlider-mark css-1tfve6q-MuiSlider-mark"
      data-index="462"
      style="left: 92.58517034068136%;"
    />
    <span
      class="MuiSlider-mark css-1tfve6q-MuiSlider-mark"
      data-index="463"
      style="left: 92.78557114228457%;"
    />
    <span
      class="MuiSlider-mark css-1tfve6q-MuiSlider-mark"
      data-index="464"
      style="left: 92.98597194388778%;"
    />
    <span
      class="MuiSlider-mark css-1tfve6q-MuiSlider-mark"
      data-index="465"
      style="left: 93.18637274549098%;"
    />
    <span
      class="MuiSlider-mark css-1tfve6q-MuiSlider-mark"
      data-index="466"
      style="left: 93.3867735470942%;"
    />
    <span
      class="MuiSlider-mark css-1tfve6q-MuiSlider-mark"
      data-index="467"
      style="left: 93.58717434869739%;"
    />
    <span
      class="MuiSlider-mark css-1tfve6q-MuiSlider-mark"
      data-index="468"
      style="left: 93.7875751503006%;"
    />
    <span
      class="MuiSlider-mark css-1tfve6q-MuiSlider-mark"
      data-index="469"
      style="left: 93.9879759519038%;"
    />
    <span
      class="MuiSlider-mark css-1tfve6q-MuiSlider-mark"
      data-index="470"
      style="left: 94.18837675350701%;"
    />
    <span
      class="MuiSlider-mark css-1tfve6q-MuiSlider-mark"
      data-index="471"
      style="left: 94.38877755511022%;"
    />
    <span
      class="MuiSlider-mark css-1tfve6q-MuiSlider-mark"
      data-index="472"
      style="left: 94.58917835671343%;"
    />
    <span
      class="MuiSlider-mark css-1tfve6q-MuiSlider-mark"
      data-index="473"
      style="left: 94.78957915831663%;"
    />
    <span
      class="MuiSlider-mark css-1tfve6q-MuiSlider-mark"
      data-index="474"
      style="left: 94.98997995991984%;"
    />
    <span
      class="MuiSlider-mark css-1tfve6q-MuiSlider-mark"
      data-index="475"
      style="left: 95.19038076152304%;"
    />
    <span
      class="MuiSlider-mark css-1tfve6q-MuiSlider-mark"
      data-index="476"
      style="left: 95.39078156312625%;"
    />
    <span
      class="MuiSlider-mark css-1tfve6q-MuiSlider-mark"
      data-index="477"
      style="left: 95.59118236472946%;"
    />
    <span
      class="MuiSlider-mark css-1tfve6q-MuiSlider-mark"
      data-index="478"
      style="left: 95.79158316633267%;"
    />
    <span
      class="MuiSlider-mark css-1tfve6q-MuiSlider-mark"
      data-index="479"
      style="left: 95.99198396793587%;"
    />
    <span
      class="MuiSlider-mark css-1tfve6q-MuiSlider-mark"
      data-index="480"
      style="left: 96.19238476953907%;"
    />
    <span
      class="MuiSlider-mark css-1tfve6q-MuiSlider-mark"
      data-index="481"
      style="left: 96.39278557114228%;"
    />
    <span
      class="MuiSlider-mark css-1tfve6q-MuiSlider-mark"
      data-index="482"
      style="left: 96.59318637274549%;"
    />
    <span
      class="MuiSlider-mark css-1tfve6q-MuiSlider-mark"
      data-index="483"
      style="left: 96.7935871743487%;"
    />
    <span
      class="MuiSlider-mark css-1tfve6q-MuiSlider-mark"
      data-index="484"
      style="left: 96.99398797595191%;"
    />
    <span
      class="MuiSlider-mark css-1tfve6q-MuiSlider-mark"
      data-index="485"
      style="left: 97.1943887775551%;"
    />
    <span
      class="MuiSlider-mark css-1tfve6q-MuiSlider-mark"
      data-index="486"
      style="left: 97.39478957915831%;"
    />
    <span
      class="MuiSlider-mark css-1tfve6q-MuiSlider-mark"
      data-index="487"
      style="left: 97.59519038076152%;"
    />
    <span
      class="MuiSlider-mark css-1tfve6q-MuiSlider-mark"
      data-index="488"
      style="left: 97.79559118236473%;"
    />
    <span
      class="MuiSlider-mark css-1tfve6q-MuiSlider-mark"
      data-index="489"
      style="left: 97.99599198396794%;"
    />
    <span
      class="MuiSlider-mark css-1tfve6q-MuiSlider-mark"
      data-index="490"
      style="left: 98.19639278557115%;"
    />
    <span
      class="MuiSlider-mark css-1tfve6q-MuiSlider-mark"
      data-index="491"
      style="left: 98.39679358717434%;"
    />
    <span
      class="MuiSlider-mark css-1tfve6q-MuiSlider-mark"
      data-index="492"
      style="left: 98.59719438877755%;"
    />
    <span
      class="MuiSlider-mark css-1tfve6q-MuiSlider-mark"
      data-index="493"
      style="left: 98.79759519038076%;"
    />
    <span
      class="MuiSlider-mark css-1tfve6q-MuiSlider-mark"
      data-index="494"
      style="left: 98.99799599198397%;"
    />
    <span
      class="MuiSlider-mark css-1tfve6q-MuiSlider-mark"
      data-index="495"
      style="left: 99.19839679358718%;"
    />
    <span
      class="MuiSlider-mark css-1tfve6q-MuiSlider-mark"
      data-index="496"
      style="left: 99.39879759519039%;"
    />
    <span
      class="MuiSlider-mark css-1tfve6q-MuiSlider-mark"
      data-index="497"
      style="left: 99.59919839679358%;"
    />
    <span
      class="MuiSlider-mark css-1tfve6q-MuiSlider-mark"
      data-index="498"
      style="left: 99.79959919839679%;"
    />
    <span
      class="MuiSlider-mark css-1tfve6q-MuiSlider-mark"
      data-index="499"
      style="left: 100%;"
    />
    <span
      class="MuiSlider-thumb MuiSlider-thumbColorPrimary MuiSlider-thumbSizeMedium css-eg0mwd-MuiSlider-thumb"
      data-focusvisible="false"
      data-index="0"
      style="left: 0%; pointer-events: none;"
    >
      <input
        aria-label="1000"
        aria-orientation="horizontal"
        aria-valuemax="50000"
        aria-valuemin="100"
        aria-valuenow="100"
        data-index="0"
        max="50000"
        min="100"
        name="salaryFilter"
        step="100"
        style="border: 0px; height: 100%; margin: -1px; overflow: hidden; padding: 0px; position: absolute; white-space: nowrap; width: 100%; direction: ltr;"
        type="range"
        value="100"
      />
      <span
        aria-hidden="true"
        class="MuiSlider-valueLabel css-nnid7-MuiSlider-valueLabel"
      >
        <span
          class="MuiSlider-valueLabelCircle"
        >
          <span
            class="MuiSlider-valueLabelLabel"
          >
            100
          </span>
        </span>
      </span>
    </span>
    <span
      class="MuiSlider-thumb MuiSlider-thumbColorPrimary MuiSlider-thumbSizeMedium css-eg0mwd-MuiSlider-thumb"
      data-focusvisible="false"
      data-index="1"
      style="left: 1.8036072144288577%; pointer-events: none;"
    >
      <input
        aria-label="1000"
        aria-orientation="horizontal"
        aria-valuemax="50000"
        aria-valuemin="100"
        aria-valuenow="1000"
        data-index="1"
        max="50000"
        min="100"
        name="salaryFilter"
        step="100"
        style="border: 0px; height: 100%; margin: -1px; overflow: hidden; padding: 0px; position: absolute; white-space: nowrap; width: 100%; direction: ltr;"
        type="range"
        value="1000"
      />
      <span
        aria-hidden="true"
        class="MuiSlider-valueLabel css-nnid7-MuiSlider-valueLabel"
      >
        <span
          class="MuiSlider-valueLabelCircle"
        >
          <span
            class="MuiSlider-valueLabelLabel"
          >
            1000
          </span>
        </span>
      </span>
    </span>
  </span>
</div>
`;
